[    1059ms] [INFO] %cDownload the React DevTools for a better development experience: https://react.dev/link/react-devtools font-weight:bold @ http://localhost:3000/_next/static/chunks/0twa_next_dist_0h22tsq._.js:776
[    1327ms] [LOG] [HMR] connected @ http://localhost:3000/_next/static/chunks/0twa_next_dist_0h22tsq._.js:776
[    2458ms] [LOG] %c[Vercel Web Analytics]%c Debug mode is enabled by default in development. No requests will be sent to the server. color: rgb(120, 120, 120) color: inherit @ http://localhost:3000/_next/static/chunks/0twa_next_dist_0h22tsq._.js:776
[    2458ms] [LOG] %c[Vercel Web Analytics]%c Running queued event color: rgb(120, 120, 120) color: inherit pageview {route: /, path: /} @ http://localhost:3000/_next/static/chunks/0twa_next_dist_0h22tsq._.js:776
[    2460ms] [LOG] %c[Vercel Web Analytics]%c Running queued event color: rgb(120, 120, 120) color: inherit pageview {route: /, path: /} @ http://localhost:3000/_next/static/chunks/0twa_next_dist_0h22tsq._.js:776
[    2461ms] [LOG] %c[Vercel Web Analytics]%c [view] http://localhost:3000/ color: rgb(120, 120, 120) color: inherit {o: http://localhost:3000/, sv: 0.1.3, sdkn: @vercel/analytics/next, sdkv: 2.0.1, ts: 1790445313304} /_vercel/insights/view @ http://localhost:3000/_next/static/chunks/0twa_next_dist_0h22tsq._.js:776
[    2463ms] [LOG] %c[Vercel Web Analytics]%c [view] http://localhost:3000/ color: rgb(120, 120, 120) color: inherit {o: http://localhost:3000/, sv: 0.1.3, sdkn: @vercel/analytics/next, sdkv: 2.0.1, ts: 1790445313305} /_vercel/insights/view @ http://localhost:3000/_next/static/chunks/0twa_next_dist_0h22tsq._.js:776
[    2474ms] [LOG] %c[Vercel Speed Insights]%c Debug mode is enabled by default in development. No requests will be sent to the server. color: rgb(120, 120, 120) color: inherit @ http://localhost:3000/_next/static/chunks/0twa_next_dist_0h22tsq._.js:776
[   85744ms] [LOG] [Fast Refresh] rebuilding @ http://localhost:3000/_next/static/chunks/0twa_next_dist_0h22tsq._.js:776
[   86056ms] [LOG] [Fast Refresh] done in 242ms @ http://localhost:3000/_next/static/chunks/0twa_next_dist_0h22tsq._.js:776
[   86644ms] [LOG] [Fast Refresh] rebuilding @ http://localhost:3000/_next/static/chunks/0twa_next_dist_0h22tsq._.js:776
[   88343ms] [LOG] [Fast Refresh] done in 1795ms @ http://localhost:3000/_next/static/chunks/0twa_next_dist_0h22tsq._.js:776
[  161678ms] [ERROR] WebSocket connection to 'ws://localhost:3000/_next/hmr?id=RyYvTiX5RDMprbsRGG8SS' failed: Error in connection establishment: net::ERR_CONNECTION_REFUSED @ http://localhost:3000/_next/static/chunks/0twa_next_dist_client_19bcwx-._.js:16348
[  162713ms] [ERROR] WebSocket connection to 'ws://localhost:3000/_next/hmr?id=RyYvTiX5RDMprbsRGG8SS' failed: Error in connection establishment: net::ERR_CONNECTION_REFUSED @ http://localhost:3000/_next/static/chunks/0twa_next_dist_client_19bcwx-._.js:16348
[  163761ms] [ERROR] WebSocket connection to 'ws://localhost:3000/_next/hmr?id=RyYvTiX5RDMprbsRGG8SS' failed: Error in connection establishment: net::ERR_CONNECTION_REFUSED @ http://localhost:3000/_next/static/chunks/0twa_next_dist_client_19bcwx-._.js:16348
[  164834ms] [ERROR] WebSocket connection to 'ws://localhost:3000/_next/hmr?id=RyYvTiX5RDMprbsRGG8SS' failed: Error in connection establishment: net::ERR_CONNECTION_REFUSED @ http://localhost:3000/_next/static/chunks/0twa_next_dist_client_19bcwx-._.js:16348
[  165883ms] [ERROR] WebSocket connection to 'ws://localhost:3000/_next/hmr?id=RyYvTiX5RDMprbsRGG8SS' failed: Error in connection establishment: net::ERR_CONNECTION_REFUSED @ http://localhost:3000/_next/static/chunks/0twa_next_dist_client_19bcwx-._.js:16348
[  170943ms] [ERROR] WebSocket connection to 'ws://localhost:3000/_next/hmr?id=RyYvTiX5RDMprbsRGG8SS' failed: Error in connection establishment: net::ERR_CONNECTION_REFUSED @ http://localhost:3000/_next/static/chunks/0twa_next_dist_client_19bcwx-._.js:16348
[  175990ms] [ERROR] WebSocket connection to 'ws://localhost:3000/_next/hmr?id=RyYvTiX5RDMprbsRGG8SS' failed: Error in connection establishment: net::ERR_CONNECTION_REFUSED @ http://localhost:3000/_next/static/chunks/0twa_next_dist_client_19bcwx-._.js:16348
[  191482ms] [LOG] [HMR] connected @ http://localhost:3000/_next/static/chunks/0twa_next_dist_0h22tsq._.js:776
[  205567ms] [INFO] %cDownload the React DevTools for a better development experience: https://react.dev/link/react-devtools font-weight:bold @ http://localhost:3000/_next/static/chunks/0twa_next_dist_0h22tsq._.js:776
[  205700ms] [LOG] [HMR] connected @ http://localhost:3000/_next/static/chunks/0twa_next_dist_0h22tsq._.js:776
[  207073ms] [LOG] %c[Vercel Web Analytics]%c Debug mode is enabled by default in development. No requests will be sent to the server. color: rgb(120, 120, 120) color: inherit @ http://localhost:3000/_next/static/chunks/0twa_next_dist_0h22tsq._.js:776
[  207073ms] [LOG] %c[Vercel Web Analytics]%c Running queued event color: rgb(120, 120, 120) color: inherit pageview {route: /, path: /} @ http://localhost:3000/_next/static/chunks/0twa_next_dist_0h22tsq._.js:776
[  207075ms] [LOG] %c[Vercel Web Analytics]%c Running queued event color: rgb(120, 120, 120) color: inherit pageview {route: /, path: /} @ http://localhost:3000/_next/static/chunks/0twa_next_dist_0h22tsq._.js:776
[  207075ms] [LOG] %c[Vercel Web Analytics]%c [view] http://localhost:3000/ color: rgb(120, 120, 120) color: inherit {o: http://localhost:3000/, sv: 0.1.3, sdkn: @vercel/analytics/next, sdkv: 2.0.1, ts: 1790445517919} /_vercel/insights/view @ http://localhost:3000/_next/static/chunks/0twa_next_dist_0h22tsq._.js:776
[  207076ms] [LOG] %c[Vercel Web Analytics]%c [view] http://localhost:3000/ color: rgb(120, 120, 120) color: inherit {o: http://localhost:3000/, sv: 0.1.3, sdkn: @vercel/analytics/next, sdkv: 2.0.1, ts: 1790445517920} /_vercel/insights/view @ http://localhost:3000/_next/static/chunks/0twa_next_dist_0h22tsq._.js:776
[  207077ms] [LOG] %c[Vercel Speed Insights]%c Debug mode is enabled by default in development. No requests will be sent to the server. color: rgb(120, 120, 120) color: inherit @ http://localhost:3000/_next/static/chunks/0twa_next_dist_0h22tsq._.js:776
[  215879ms] [LOG] [Fast Refresh] rebuilding @ http://localhost:3000/_next/static/chunks/0twa_next_dist_0h22tsq._.js:776
[  220050ms] [LOG] [Fast Refresh] done in 4284ms @ http://localhost:3000/_next/static/chunks/0twa_next_dist_0h22tsq._.js:776
[  367000ms] [LOG] [Fast Refresh] rebuilding @ http://localhost:3000/_next/static/chunks/0twa_next_dist_0h22tsq._.js:776
[  368264ms] [LOG] [Fast Refresh] done in 1378ms @ http://localhost:3000/_next/static/chunks/0twa_next_dist_0h22tsq._.js:776
[  534571ms] [LOG] [Fast Refresh] rebuilding @ http://localhost:3000/_next/static/chunks/0twa_next_dist_0h22tsq._.js:776
[  537027ms] [LOG] [Fast Refresh] done in 2301ms @ http://localhost:3000/_next/static/chunks/0twa_next_dist_0h22tsq._.js:776
[  545269ms] [LOG] [Fast Refresh] rebuilding @ http://localhost:3000/_next/static/chunks/0twa_next_dist_0h22tsq._.js:776
[  545298ms] [LOG] [Fast Refresh] done in 132ms @ http://localhost:3000/_next/static/chunks/0twa_next_dist_0h22tsq._.js:776
[  613064ms] [LOG] [Fast Refresh] rebuilding @ http://localhost:3000/_next/static/chunks/0twa_next_dist_0h22tsq._.js:776
[  613560ms] [LOG] [Fast Refresh] done in 321ms @ http://localhost:3000/_next/static/chunks/0twa_next_dist_0h22tsq._.js:776
[  615475ms] [LOG] [Fast Refresh] rebuilding @ http://localhost:3000/_next/static/chunks/0twa_next_dist_0h22tsq._.js:776
[  618368ms] [LOG] [Fast Refresh] done in 2822ms @ http://localhost:3000/_next/static/chunks/0twa_next_dist_0h22tsq._.js:776
[  620455ms] [LOG] [Fast Refresh] done in 2822ms @ http://localhost:3000/_next/static/chunks/0twa_next_dist_0h22tsq._.js:776
[  623570ms] [LOG] [Fast Refresh] rebuilding @ http://localhost:3000/_next/static/chunks/0twa_next_dist_0h22tsq._.js:776
[  624907ms] [ERROR] The final argument passed to %s changed size between renders. The order and size of this array must remain constant.

Previous: %s
Incoming: %s useEffect [false, false] [false, false, false] @ http://localhost:3000/_next/static/chunks/0twa_next_dist_0h22tsq._.js:1052
[  624947ms] [LOG] [Fast Refresh] done in 1424ms @ http://localhost:3000/_next/static/chunks/0twa_next_dist_0h22tsq._.js:776
[  625518ms] [LOG] [Fast Refresh] done in 1424ms @ http://localhost:3000/_next/static/chunks/0twa_next_dist_0h22tsq._.js:776
[  625967ms] [LOG] [Fast Refresh] rebuilding @ http://localhost:3000/_next/static/chunks/0twa_next_dist_0h22tsq._.js:776
[  626251ms] [LOG] [Fast Refresh] done in 398ms @ http://localhost:3000/_next/static/chunks/0twa_next_dist_0h22tsq._.js:776
[  833611ms] [LOG] [Fast Refresh] rebuilding @ http://localhost:3000/_next/static/chunks/0twa_next_dist_0h22tsq._.js:776
[  834396ms] [LOG] [Fast Refresh] done in 535ms @ http://localhost:3000/_next/static/chunks/0twa_next_dist_0h22tsq._.js:776
[  836151ms] [LOG] [Fast Refresh] rebuilding @ http://localhost:3000/_next/static/chunks/0twa_next_dist_0h22tsq._.js:776
[  839042ms] [LOG] [Fast Refresh] done in 2769ms @ http://localhost:3000/_next/static/chunks/0twa_next_dist_0h22tsq._.js:776
[  904632ms] [LOG] [Fast Refresh] rebuilding @ http://localhost:3000/_next/static/chunks/0twa_next_dist_0h22tsq._.js:776
[  912392ms] [LOG] [Fast Refresh] done in 7790ms @ http://localhost:3000/_next/static/chunks/0twa_next_dist_0h22tsq._.js:776
[  915076ms] [LOG] [Fast Refresh] rebuilding @ http://localhost:3000/_next/static/chunks/0twa_next_dist_0h22tsq._.js:776
[  920862ms] [LOG] [Fast Refresh] done in 5874ms @ http://localhost:3000/_next/static/chunks/0twa_next_dist_0h22tsq._.js:776
[  996558ms] [ERROR] WebSocket connection to 'ws://localhost:3000/_next/hmr?id=iLfNeY_4HWZxrzg9axTPg' failed: Error in connection establishment: net::ERR_CONNECTION_REFUSED @ http://localhost:3000/_next/static/chunks/0twa_next_dist_client_19bcwx-._.js:16348
[  997660ms] [ERROR] WebSocket connection to 'ws://localhost:3000/_next/hmr?id=iLfNeY_4HWZxrzg9axTPg' failed: Error in connection establishment: net::ERR_CONNECTION_REFUSED @ http://localhost:3000/_next/static/chunks/0twa_next_dist_client_19bcwx-._.js:16348
[  998706ms] [ERROR] WebSocket connection to 'ws://localhost:3000/_next/hmr?id=iLfNeY_4HWZxrzg9axTPg' failed: Error in connection establishment: net::ERR_CONNECTION_REFUSED @ http://localhost:3000/_next/static/chunks/0twa_next_dist_client_19bcwx-._.js:16348
[  999763ms] [ERROR] WebSocket connection to 'ws://localhost:3000/_next/hmr?id=iLfNeY_4HWZxrzg9axTPg' failed: Error in connection establishment: net::ERR_CONNECTION_REFUSED @ http://localhost:3000/_next/static/chunks/0twa_next_dist_client_19bcwx-._.js:16348
[ 1000801ms] [ERROR] WebSocket connection to 'ws://localhost:3000/_next/hmr?id=iLfNeY_4HWZxrzg9axTPg' failed: Error in connection establishment: net::ERR_CONNECTION_REFUSED @ http://localhost:3000/_next/static/chunks/0twa_next_dist_client_19bcwx-._.js:16348
